Optimizing Linkage Editor (V.10.02.00.000)        11-Sep-2020 02:04:49

*** Options ***

-subcommand=C:\Users\Kobayashi\Dropbox\autorc\RX220\MiniCarBot\src\Debug\MiniCarBot.hlk
-noprelink
-rom=D=R,D_1=R_1,D_2=R_2
-nomessage
-list="C:\Users\Kobayashi\Dropbox\autorc\RX220\MiniCarBot\src\Debug\MiniCarBot.map"
-nooptimize
-start=B_1,R_1,B_2,R_2,B,R,SU,SI/01000,PResetPRG/0FFFF8000,C_1,C_2,C,C$*,D_1,D_2,D,P,PIntPRG,W*,L/0FFFF8100,FIXEDVECT/0FFFFFFD0
-nologo
-input="C:\Users\Kobayashi\Dropbox\autorc\RX220\MiniCarBot\src\Debug\analog_read.obj"
-input="C:\Users\Kobayashi\Dropbox\autorc\RX220\MiniCarBot\src\Debug\control_motor.obj"
-input="C:\Users\Kobayashi\Dropbox\autorc\RX220\MiniCarBot\src\Debug\dbsct.obj"
-input="C:\Users\Kobayashi\Dropbox\autorc\RX220\MiniCarBot\src\Debug\general_io.obj"
-input="C:\Users\Kobayashi\Dropbox\autorc\RX220\MiniCarBot\src\Debug\init_rx220.obj"
-input="C:\Users\Kobayashi\Dropbox\autorc\RX220\MiniCarBot\src\Debug\intprg.obj"
-input="C:\Users\Kobayashi\Dropbox\autorc\RX220\MiniCarBot\src\Debug\MiniCarBot.obj"
-input="C:\Users\Kobayashi\Dropbox\autorc\RX220\MiniCarBot\src\Debug\pwm_drive.obj"
-input="C:\Users\Kobayashi\Dropbox\autorc\RX220\MiniCarBot\src\Debug\resetprg.obj"
-input="C:\Users\Kobayashi\Dropbox\autorc\RX220\MiniCarBot\src\Debug\sbrk.obj"
-input="C:\Users\Kobayashi\Dropbox\autorc\RX220\MiniCarBot\src\Debug\sci.obj"
-input="C:\Users\Kobayashi\Dropbox\autorc\RX220\MiniCarBot\src\Debug\sonar.obj"
-input="C:\Users\Kobayashi\Dropbox\autorc\RX220\MiniCarBot\src\Debug\sound_buzzer.obj"
-input="C:\Users\Kobayashi\Dropbox\autorc\RX220\MiniCarBot\src\Debug\test_function.obj"
-input="C:\Users\Kobayashi\Dropbox\autorc\RX220\MiniCarBot\src\Debug\vecttbl.obj"
-library="C:\Users\Kobayashi\Dropbox\autorc\RX220\MiniCarBot\src\Debug\MiniCarBot.lib"
-output="C:\Users\Kobayashi\Dropbox\autorc\RX220\MiniCarBot\src\Debug\MiniCarBot.abs"
-end

*** Error information ***

** L1100 (W) Cannot find "SU" specified in option "start"

*** Mapping List ***

SECTION                            START      END         SIZE   ALIGN

B_1
                                  00001000  00001000         0   1
R_1
                                  00001000  00001000         0   1
B_2
                                  00001000  00001000         0   2
R_2
                                  00001000  00001005         6   2
B
                                  00001008  00001407       400   4
R
                                  00001408  0000140b         4   4
SI
                                  0000140c  0000170b       300   4
PResetPRG
                                  ffff8000  ffff8022        23   1
C_1
                                  ffff8100  ffff8100         0   1
C_2
                                  ffff8100  ffff8111        12   2
C
                                  ffff8114  ffff813b        28   4
C$DSEC
                                  ffff813c  ffff815f        24   4
C$BSEC
                                  ffff8160  ffff8177        18   4
C$VECT
                                  ffff8178  ffff8577       400   4
D_1
                                  ffff8578  ffff8578         0   1
D_2
                                  ffff8578  ffff857d         6   2
D
                                  ffff8580  ffff8583         4   4
P
                                  ffff8584  ffff9628      10a5   1
PIntPRG
                                  ffff9629  ffff9742       11a   1
W_1
                                  ffff9743  ffff974c         a   1
W_2
                                  ffff974e  ffff974e         0   2
W
                                  ffff9750  ffff9750         0   4
L
                                  ffff9750  ffff9789        3a   4
$ADDR_C_FFFFFF80
                                  ffffff80  ffffff83         4   1
FIXEDVECT
                                  ffffffd0  ffffffff        30   4
