Optimizing Linkage Editor (V.10.02.00.000)        03-Oct-2020 18:45:56

*** Options ***

-subcommand=C:\Users\Kobayashi\Desktop\MiniCarbot\MiniCarBot\src\Debug\MiniCarBot.hlk
-noprelink
-rom=D=R,D_1=R_1,D_2=R_2
-nomessage
-list="C:\Users\Kobayashi\Desktop\MiniCarbot\MiniCarBot\src\Debug\MiniCarBot.map"
-nooptimize
-start=B_1,R_1,B_2,R_2,B,R,SU,SI/01000,PResetPRG/0FFFF8000,C_1,C_2,C,C$*,D_1,D_2,D,P,PIntPRG,W*,L/0FFFF8100,FIXEDVECT/0FFFFFFD0
-nologo
-input="C:\Users\Kobayashi\Desktop\MiniCarbot\MiniCarBot\src\Debug\analog_read.obj"
-input="C:\Users\Kobayashi\Desktop\MiniCarbot\MiniCarBot\src\Debug\cmtimer.obj"
-input="C:\Users\Kobayashi\Desktop\MiniCarbot\MiniCarBot\src\Debug\control_motor.obj"
-input="C:\Users\Kobayashi\Desktop\MiniCarbot\MiniCarBot\src\Debug\dbsct.obj"
-input="C:\Users\Kobayashi\Desktop\MiniCarbot\MiniCarBot\src\Debug\encoder.obj"
-input="C:\Users\Kobayashi\Desktop\MiniCarbot\MiniCarBot\src\Debug\general_io.obj"
-input="C:\Users\Kobayashi\Desktop\MiniCarbot\MiniCarBot\src\Debug\init_rx220.obj"
-input="C:\Users\Kobayashi\Desktop\MiniCarbot\MiniCarBot\src\Debug\intprg.obj"
-input="C:\Users\Kobayashi\Desktop\MiniCarbot\MiniCarBot\src\Debug\MiniCarBot.obj"
-input="C:\Users\Kobayashi\Desktop\MiniCarbot\MiniCarBot\src\Debug\pwm_drive.obj"
-input="C:\Users\Kobayashi\Desktop\MiniCarbot\MiniCarBot\src\Debug\resetprg.obj"
-input="C:\Users\Kobayashi\Desktop\MiniCarbot\MiniCarBot\src\Debug\sbrk.obj"
-input="C:\Users\Kobayashi\Desktop\MiniCarbot\MiniCarBot\src\Debug\sci.obj"
-input="C:\Users\Kobayashi\Desktop\MiniCarbot\MiniCarBot\src\Debug\sonar.obj"
-input="C:\Users\Kobayashi\Desktop\MiniCarbot\MiniCarBot\src\Debug\sound_buzzer.obj"
-input="C:\Users\Kobayashi\Desktop\MiniCarbot\MiniCarBot\src\Debug\test_function.obj"
-input="C:\Users\Kobayashi\Desktop\MiniCarbot\MiniCarBot\src\Debug\vecttbl.obj"
-library="C:\Users\Kobayashi\Desktop\MiniCarbot\MiniCarBot\src\Debug\MiniCarBot.lib"
-output="C:\Users\Kobayashi\Desktop\MiniCarbot\MiniCarBot\src\Debug\MiniCarBot.abs"
-end

*** Error information ***

** L1100 (W) Cannot find "SU" specified in option "start"

*** Mapping List ***

SECTION                            START      END         SIZE   ALIGN

B_1
                                  00001000  00001000         0   1
R_1
                                  00001000  00001000         0   1
B_2
                                  00001000  00001000         0   2
R_2
                                  00001000  00001019        1a   2
B
                                  0000101c  0000141b       400   4
R
                                  0000141c  00001423         8   4
SI
                                  00001424  00001723       300   4
PResetPRG
                                  ffff8000  ffff8022        23   1
C_1
                                  ffff8100  ffff8100         0   1
C_2
                                  ffff8100  ffff8111        12   2
C
                                  ffff8114  ffff813b        28   4
C$DSEC
                                  ffff813c  ffff815f        24   4
C$BSEC
                                  ffff8160  ffff8177        18   4
C$VECT
                                  ffff8178  ffff8577       400   4
D_1
                                  ffff8578  ffff8578         0   1
D_2
                                  ffff8578  ffff8591        1a   2
D
                                  ffff8594  ffff859b         8   4
P
                                  ffff859c  ffff996a      13cf   1
PIntPRG
                                  ffff996b  ffff9a94       12a   1
W_1
                                  ffff9a95  ffff9a9e         a   1
W_2
                                  ffff9aa0  ffff9aa0         0   2
W
                                  ffff9aa0  ffff9aa0         0   4
L
                                  ffff9aa0  ffff9b3e        9f   4
$ADDR_C_FFFFFF80
                                  ffffff80  ffffff83         4   1
FIXEDVECT
                                  ffffffd0  ffffffff        30   4
