Optimizing Linkage Editor (V.10.02.00.000)        14-Oct-2020 00:17:13

*** Options ***

-subcommand=C:\Users\Kobayashi\Desktop\MiniCarbot\MiniCarBot\src\Debug\MiniCarBot.hlk
-noprelink
-rom=D=R,D_1=R_1,D_2=R_2
-nomessage
-list="C:\Users\Kobayashi\Desktop\MiniCarbot\MiniCarBot\src\Debug\MiniCarBot.map"
-nooptimize
-start=B_1,R_1,B_2,R_2,B,R,SU,SI/01000,PResetPRG/0FFFF8000,C_1,C_2,C,C$*,D_1,D_2,D,P,PIntPRG,W*,L/0FFFF8100,FIXEDVECT/0FFFFFFD0
-nologo
-input="C:\Users\Kobayashi\Desktop\MiniCarbot\MiniCarBot\src\Debug\analog_read.obj"
-input="C:\Users\Kobayashi\Desktop\MiniCarbot\MiniCarBot\src\Debug\cmtimer.obj"
-input="C:\Users\Kobayashi\Desktop\MiniCarbot\MiniCarBot\src\Debug\control_motor.obj"
-input="C:\Users\Kobayashi\Desktop\MiniCarbot\MiniCarBot\src\Debug\dbsct.obj"
-input="C:\Users\Kobayashi\Desktop\MiniCarbot\MiniCarBot\src\Debug\encoder.obj"
-input="C:\Users\Kobayashi\Desktop\MiniCarbot\MiniCarBot\src\Debug\general_io.obj"
-input="C:\Users\Kobayashi\Desktop\MiniCarbot\MiniCarBot\src\Debug\init_rx220.obj"
-input="C:\Users\Kobayashi\Desktop\MiniCarbot\MiniCarBot\src\Debug\intprg.obj"
-input="C:\Users\Kobayashi\Desktop\MiniCarbot\MiniCarBot\src\Debug\MiniCarBot.obj"
-input="C:\Users\Kobayashi\Desktop\MiniCarbot\MiniCarBot\src\Debug\photo_reflector.obj"
-input="C:\Users\Kobayashi\Desktop\MiniCarbot\MiniCarBot\src\Debug\pwm_drive.obj"
-input="C:\Users\Kobayashi\Desktop\MiniCarbot\MiniCarBot\src\Debug\resetprg.obj"
-input="C:\Users\Kobayashi\Desktop\MiniCarbot\MiniCarBot\src\Debug\robot_running.obj"
-input="C:\Users\Kobayashi\Desktop\MiniCarbot\MiniCarBot\src\Debug\sbrk.obj"
-input="C:\Users\Kobayashi\Desktop\MiniCarbot\MiniCarBot\src\Debug\sci.obj"
-input="C:\Users\Kobayashi\Desktop\MiniCarbot\MiniCarBot\src\Debug\sonar.obj"
-input="C:\Users\Kobayashi\Desktop\MiniCarbot\MiniCarBot\src\Debug\sound_buzzer.obj"
-input="C:\Users\Kobayashi\Desktop\MiniCarbot\MiniCarBot\src\Debug\test_function.obj"
-input="C:\Users\Kobayashi\Desktop\MiniCarbot\MiniCarBot\src\Debug\vecttbl.obj"
-library="C:\Users\Kobayashi\Desktop\MiniCarbot\MiniCarBot\src\Debug\MiniCarBot.lib"
-output="C:\Users\Kobayashi\Desktop\MiniCarbot\MiniCarBot\src\Debug\MiniCarBot.abs"
-end

*** Error information ***

** L1100 (W) Cannot find "SU" specified in option "start"

*** Mapping List ***

SECTION                            START      END         SIZE   ALIGN

B_1
                                  00001000  00001000         0   1
R_1
                                  00001000  00001000         0   1
B_2
                                  00001000  0000100f        10   2
R_2
                                  00001010  00001033        24   2
B
                                  00001034  00001433       400   4
R
                                  00001434  00001453        20   4
SI
                                  00001454  00001753       300   4
PResetPRG
                                  ffff8000  ffff8022        23   1
C_1
                                  ffff8100  ffff8100         0   1
C_2
                                  ffff8100  ffff8123        24   2
C
                                  ffff8124  ffff8143        20   4
C$DSEC
                                  ffff8144  ffff8167        24   4
C$BSEC
                                  ffff8168  ffff817f        18   4
C$VECT
                                  ffff8180  ffff857f       400   4
D_1
                                  ffff8580  ffff8580         0   1
D_2
                                  ffff8580  ffff85a3        24   2
D
                                  ffff85a4  ffff85c3        20   4
P
                                  ffff85c4  ffff9a8e      14cb   1
PIntPRG
                                  ffff9a8f  ffff9bc6       138   1
W_1
                                  ffff9bc7  ffff9bd0         a   1
W_2
                                  ffff9bd2  ffff9bd2         0   2
W
                                  ffff9bd4  ffff9bd4         0   4
L
                                  ffff9bd4  ffff9cfd       12a   4
$ADDR_C_FFFFFF80
                                  ffffff80  ffffff83         4   1
FIXEDVECT
                                  ffffffd0  ffffffff        30   4
